[{"violation":{"severity":"warning","reason":"Closure body should span 50 lines or less excluding comments and whitespace: currently spans 53 lines","location":{"character":20,"file":"Bulkhead\/SettingsView.swift","line":8},"ruleDescription":"Closure bodies should not span too many lines","ruleIdentifier":"closure_body_length","ruleName":"Closure Body Length"},"text":"    GeometryReader { geometry in"},{"violation":{"location":{"file":"Bulkhead\/SettingsView.swift","line":9,"character":18},"reason":"Closure body should span 50 lines or less excluding comments and whitespace: currently spans 51 lines","ruleIdentifier":"closure_body_length","ruleDescription":"Closure bodies should not span too many lines","ruleName":"Closure Body Length","severity":"warning"},"text":"      ScrollView {"}]